#-----------------------------------------------------------
# Webtalk v2020.1 (64-bit)
# SW Build 2902540 on Wed May 27 19:54:49 MDT 2020
# IP Build 2902112 on Wed May 27 22:43:36 MDT 2020
# Start of session at: Wed Sep 16 13:23:12 2020
# Process ID: 5396
# Current directory: C:/Users/pgk/Vivado/assignment_5_2018_2/vivado_assignment_5/assignment_5/assignment_5.sim/sim_1/behav/xsim
# Command line: wbtcv.exe -mode batch -source C:/Users/pgk/Vivado/assignment_5_2018_2/vivado_assignment_5/assignment_5/assignment_5.sim/sim_1/behav/xsim/xsim.dir/mega_adder_tb_behav/webtalk/xsim_webtalk.tcl -notrace
# Log file: C:/Users/pgk/Vivado/assignment_5_2018_2/vivado_assignment_5/assignment_5/assignment_5.sim/sim_1/behav/xsim/webtalk.log
# Journal file: C:/Users/pgk/Vivado/assignment_5_2018_2/vivado_assignment_5/assignment_5/assignment_5.sim/sim_1/behav/xsim\webtalk.jou
#-----------------------------------------------------------
source C:/Users/pgk/Vivado/assignment_5_2018_2/vivado_assignment_5/assignment_5/assignment_5.sim/sim_1/behav/xsim/xsim.dir/mega_adder_tb_behav/webtalk/xsim_webtalk.tcl -notrace
